git init 初始化，让git管理当前的项目
git status 查看当前项目状态，是否变更。
git add index.html 添加文件到本地缓存
三种状态:
红色:新增的文件/修改了原文件，-> git add 文件名（.点号代表所有文件）
绿色:git 已经管理起来 ->git commit -m '描述信息'
生成版本

实践:

yangliao111@DESKTOP-M45EJ8Q MINGW64 /e/gittest
$ git init
Initialized empty Git repository in E:/gittest/.git/

yangliao111@DESKTOP-M45EJ8Q MINGW64 /e/gittest (master)
$ git status
On branch master

No commits yet

Untracked files:
  (use "git add <file>..." to include in what will be committed)
        gitHtml.html
        readme.txt

nothing added to commit but untracked files present (use "git add" to track)

yangliao111@DESKTOP-M45EJ8Q MINGW64 /e/gittest (master)
$ git status
On branch master

No commits yet

Untracked files:
  (use "git add <file>..." to include in what will be committed)
        gitHtml.html
        readme.txt
        test1.txt

nothing added to commit but untracked files present (use "git add" to track)

yangliao111@DESKTOP-M45EJ8Q MINGW64 /e/gittest (master)
$ git add gitHtml.html

yangliao111@DESKTOP-M45EJ8Q MINGW64 /e/gittest (master)
$ git status
On branch master

No commits yet

Changes to be committed:
  (use "git rm --cached <file>..." to unstage)
        new file:   gitHtml.html

Untracked files:
  (use "git add <file>..." to include in what will be committed)
        readme.txt
        test1.txt


yangliao111@DESKTOP-M45EJ8Q MINGW64 /e/gittest (master)
$ git add .

yangliao111@DESKTOP-M45EJ8Q MINGW64 /e/gittest (master)
$ git status
On branch master

No commits yet

Changes to be committed:
  (use "git rm --cached <file>..." to unstage)
        new file:   gitHtml.html
        new file:   readme.txt
        new file:   test1.txt


yangliao111@DESKTOP-M45EJ8Q MINGW64 /e/gittest (master)
$ git commit -m 'v1'
[master (root-commit) f288e4f] v1
 3 files changed, 458 insertions(+)
 create mode 100644 gitHtml.html
 create mode 100644 readme.txt
 create mode 100644 test1.txt

yangliao111@DESKTOP-M45EJ8Q MINGW64 /e/gittest (master)
$ git status
On branch master
nothing to commit, working tree clean

yangliao111@DESKTOP-M45EJ8Q MINGW64 /e/gittest (master)
$ git status
On branch master
Changes not staged for commit:
  (use "git add <file>..." to update what will be committed)
  (use "git restore <file>..." to discard changes in working directory)
        modified:   gitHtml.html

no changes added to commit (use "git add" and/or "git commit -a")

yangliao111@DESKTOP-M45EJ8Q MINGW64 /e/gittest (master)
$ git add gitHtml.html

yangliao111@DESKTOP-M45EJ8Q MINGW64 /e/gittest (master)
$ git status
On branch master
Changes to be committed:
  (use "git restore --staged <file>..." to unstage)
        modified:   gitHtml.html


yangliao111@DESKTOP-M45EJ8Q MINGW64 /e/gittest (master)
$ git commit -m 'v2'
[master 074ea70] v2
 1 file changed, 2 insertions(+), 1 deletion(-)

yangliao111@DESKTOP-M45EJ8Q MINGW64 /e/gittest (master)
$ git status
On branch master
nothing to commit, working tree clean

yangliao111@DESKTOP-M45EJ8Q MINGW64 /e/gittest (master)
$ git log
commit 074ea70681d3b309eb03053b4ee1bbd84278c536 (HEAD -> master)
Author: myGit-Extensions <1833613021@qq.com>
Date:   Fri Dec 2 23:25:21 2022 +0800

    v2

commit f288e4f496f5208770f7a6244cb02218ea6fa5f2
Author: myGit-Extensions <1833613021@qq.com>
Date:   Fri Dec 2 23:21:58 2022 +0800

    v1

